  Γû▓ Next.js 14.2.35

   Creating an optimized production build ...
 Γ£ô Compiled successfully
   Linting and checking validity of types ...
node.exe : 
At line:1 char:1
+ & "C:\Program Files\nodejs/node.exe" 
"C:\Program Files\nodejs/node_mo ...
+ ~~~~~~~~~~~~~~~~~~~~~~~~~~~~~~~~~~~~~~~~~~
~~~~~~~~~~~~~~~~~~~~~~~~~~~
    + CategoryInfo          : NotSpecified: 
    (:String) [], RemoteException
    + FullyQualifiedErrorId : NativeCommand 
   Error
 
Failed to compile.

./src/app/(dashboard)/admin/templates/organi
zers/new/page.tsx
3:20  Warning: 'useEffect' is defined but 
never used. Allowed unused vars must match 
/^_/u.  @typescript-eslint/no-unused-vars

./src/app/api/activity/route.ts
13:13  Warning: 'orgId' is assigned a value 
but never used. Allowed unused vars must 
match /^_/u.  
@typescript-eslint/no-unused-vars
13:20  Warning: 'userId' is assigned a 
value but never used. Allowed unused vars 
must match /^_/u.  
@typescript-eslint/no-unused-vars
13:28  Warning: 'role' is assigned a value 
but never used. Allowed unused vars must 
match /^_/u.  
@typescript-eslint/no-unused-vars

./src/app/api/admin/templates/reminders/rout
e.ts
6:27  Warning: 'request' is defined but 
never used. Allowed unused args must match 
/^_/u.  @typescript-eslint/no-unused-vars
10:13  Warning: 'orgId' is assigned a value 
but never used. Allowed unused vars must 
match /^_/u.  
@typescript-eslint/no-unused-vars
10:20  Warning: 'userId' is assigned a 
value but never used. Allowed unused vars 
must match /^_/u.  
@typescript-eslint/no-unused-vars
10:28  Warning: 'role' is assigned a value 
but never used. Allowed unused vars must 
match /^_/u.  
@typescript-eslint/no-unused-vars
24:13  Warning: 'orgId' is assigned a value 
but never used. Allowed unused vars must 
match /^_/u.  
@typescript-eslint/no-unused-vars
24:20  Warning: 'userId' is assigned a 
value but never used. Allowed unused vars 
must match /^_/u.  
@typescript-eslint/no-unused-vars
24:28  Warning: 'role' is assigned a value 
but never used. Allowed unused vars must 
match /^_/u.  
@typescript-eslint/no-unused-vars

./src/app/api/auth/logout/route.ts
3:28  Warning: 'request' is defined but 
never used. Allowed unused args must match 
/^_/u.  @typescript-eslint/no-unused-vars

./src/app/api/auth/mfa/setup/route.ts
4:69  Warning: 'verifyTOTP' is defined but 
never used. Allowed unused vars must match 
/^_/u.  @typescript-eslint/no-unused-vars
6:28  Warning: 'request' is defined but 
never used. Allowed unused args must match 
/^_/u.  @typescript-eslint/no-unused-vars
25:14  Warning: 'e' is defined but never 
used.  @typescript-eslint/no-unused-vars
28:14  Warning: 'e' is defined but never 
used.  @typescript-eslint/no-unused-vars
31:14  Warning: 'e' is defined but never 
used.  @typescript-eslint/no-unused-vars

./src/app/api/billing/checkout/route.ts
10:13  Warning: 'orgId' is assigned a value 
but never used. Allowed unused vars must 
match /^_/u.  
@typescript-eslint/no-unused-vars
10:20  Warning: 'userId' is assigned a 
value but never used. Allowed unused vars 
must match /^_/u.  
@typescript-eslint/no-unused-vars
10:28  Warning: 'role' is assigned a value 
but never used. Allowed unused vars must 
match /^_/u.  
@typescript-eslint/no-unused-vars

./src/app/api/billing/route.ts
10:13  Warning: 'orgId' is assigned a value 
but never used. Allowed unused vars must 
match /^_/u.  
@typescript-eslint/no-unused-vars
10:20  Warning: 'userId' is assigned a 
value but never used. Allowed unused vars 
must match /^_/u.  
@typescript-eslint/no-unused-vars
10:28  Warning: 'role' is assigned a value 
but never used. Allowed unused vars must 
match /^_/u.  
@typescript-eslint/no-unused-vars
81:13  Warning: 'orgId' is assigned a value 
but never used. Allowed unused vars must 
match /^_/u.  
@typescript-eslint/no-unused-vars
81:20  Warning: 'userId' is assigned a 
value but never used. Allowed unused vars 
must match /^_/u.  
@typescript-eslint/no-unused-vars
81:28  Warning: 'role' is assigned a value 
but never used. Allowed unused vars must 
match /^_/u.  
@typescript-eslint/no-unused-vars

./src/app/api/billing/webhook/route.ts
42:13  Warning: 'engagement' is assigned a 
value but never used. Allowed unused vars 
must match /^_/u.  
@typescript-eslint/no-unused-vars

./src/app/api/billing/[id]/route.ts
9:13  Warning: 'orgId' is assigned a value 
but never used. Allowed unused vars must 
match /^_/u.  
@typescript-eslint/no-unused-vars
9:20  Warning: 'userId' is assigned a value 
but never used. Allowed unused vars must 
match /^_/u.  
@typescript-eslint/no-unused-vars
9:28  Warning: 'role' is assigned a value 
but never used. Allowed unused vars must 
match /^_/u.  
@typescript-eslint/no-unused-vars
83:13  Warning: 'orgId' is assigned a value 
but never used. Allowed unused vars must 
match /^_/u.  
@typescript-eslint/no-unused-vars
83:20  Warning: 'userId' is assigned a 
value but never used. Allowed unused vars 
must match /^_/u.  
@typescript-eslint/no-unused-vars
83:28  Warning: 'role' is assigned a value 
but never used. Allowed unused vars must 
match /^_/u.  
@typescript-eslint/no-unused-vars
110:13  Warning: 'orgId' is assigned a 
value but never used. Allowed unused vars 
must match /^_/u.  
@typescript-eslint/no-unused-vars
110:20  Warning: 'userId' is assigned a 
value but never used. Allowed unused vars 
must match /^_/u.  
@typescript-eslint/no-unused-vars
110:28  Warning: 'role' is assigned a value 
but never used. Allowed unused vars must 
match /^_/u.  
@typescript-eslint/no-unused-vars

./src/app/api/calendar/admin/route.ts
13:13  Warning: 'orgId' is assigned a value 
but never used. Allowed unused vars must 
match /^_/u.  
@typescript-eslint/no-unused-vars
13:28  Warning: 'role' is assigned a value 
but never used. Allowed unused vars must 
match /^_/u.  
@typescript-eslint/no-unused-vars

./src/app/api/calendar/client/route.ts
13:13  Warning: 'orgId' is assigned a value 
but never used. Allowed unused vars must 
match /^_/u.  
@typescript-eslint/no-unused-vars
13:28  Warning: 'role' is assigned a value 
but never used. Allowed unused vars must 
match /^_/u.  
@typescript-eslint/no-unused-vars

./src/app/api/calendar/[id]/route.ts
13:13  Warning: 'orgId' is assigned a value 
but never used. Allowed unused vars must 
match /^_/u.  
@typescript-eslint/no-unused-vars
13:28  Warning: 'role' is assigned a value 
but never used. Allowed unused vars must 
match /^_/u.  
@typescript-eslint/no-unused-vars

./src/app/api/clients/route.ts
92:28  Warning: 'role' is assigned a value 
but never used. Allowed unused vars must 
match /^_/u.  
@typescript-eslint/no-unused-vars
134:20  Warning: 'userId' is assigned a 
value but never used. Allowed unused vars 
must match /^_/u.  
@typescript-eslint/no-unused-vars
134:28  Warning: 'role' is assigned a value 
but never used. Allowed unused vars must 
match /^_/u.  
@typescript-eslint/no-unused-vars
160:12  Warning: 'error' is defined but 
never used.  
@typescript-eslint/no-unused-vars

./src/app/api/clients/[id]/relationships/rou
te.ts
67:12  Warning: 'error' is defined but 
never used.  
@typescript-eslint/no-unused-vars

./src/app/api/dashboard/route.ts
9:20  Warning: 'userId' is assigned a value 
but never used. Allowed unused vars must 
match /^_/u.  
@typescript-eslint/no-unused-vars
9:28  Warning: 'role' is assigned a value 
but never used. Allowed unused vars must 
match /^_/u.  
@typescript-eslint/no-unused-vars

./src/app/api/documents/route.ts
11:13  Warning: 'orgId' is assigned a value 
but never used. Allowed unused vars must 
match /^_/u.  
@typescript-eslint/no-unused-vars
11:20  Warning: 'userId' is assigned a 
value but never used. Allowed unused vars 
must match /^_/u.  
@typescript-eslint/no-unused-vars
11:28  Warning: 'role' is assigned a value 
but never used. Allowed unused vars must 
match /^_/u.  
@typescript-eslint/no-unused-vars
54:13  Warning: 'orgId' is assigned a value 
but never used. Allowed unused vars must 
match /^_/u.  
@typescript-eslint/no-unused-vars
54:28  Warning: 'role' is assigned a value 
but never used. Allowed unused vars must 
match /^_/u.  
@typescript-eslint/no-unused-vars
138:14  Warning: 'e' is defined but never 
used.  @typescript-eslint/no-unused-vars
155:14  Warning: 'e' is defined but never 
used.  @typescript-eslint/no-unused-vars
164:14  Warning: 'e' is defined but never 
used.  @typescript-eslint/no-unused-vars
174:14  Warning: 'e' is defined but never 
used.  @typescript-eslint/no-unused-vars

./src/app/api/documents/search/route.ts
18:13  Warning: 'orgId' is assigned a value 
but never used. Allowed unused vars must 
match /^_/u.  
@typescript-eslint/no-unused-vars

./src/app/api/documents/[id]/download/route.
ts
13:13  Warning: 'orgId' is assigned a value 
but never used. Allowed unused vars must 
match /^_/u.  
@typescript-eslint/no-unused-vars
13:20  Warning: 'userId' is assigned a 
value but never used. Allowed unused vars 
must match /^_/u.  
@typescript-eslint/no-unused-vars
13:28  Warning: 'role' is assigned a value 
but never used. Allowed unused vars must 
match /^_/u.  
@typescript-eslint/no-unused-vars

./src/app/api/documents/[id]/route.ts
19:13  Warning: 'orgId' is assigned a value 
but never used. Allowed unused vars must 
match /^_/u.  
@typescript-eslint/no-unused-vars
19:28  Warning: 'role' is assigned a value 
but never used. Allowed unused vars must 
match /^_/u.  
@typescript-eslint/no-unused-vars
43:14  Warning: 'e' is defined but never 
used.  @typescript-eslint/no-unused-vars
58:13  Warning: 'orgId' is assigned a value 
but never used. Allowed unused vars must 
match /^_/u.  
@typescript-eslint/no-unused-vars
58:28  Warning: 'role' is assigned a value 
but never used. Allowed unused vars must 
match /^_/u.  
@typescript-eslint/no-unused-vars
96:16  Warning: 'e' is defined but never 
used.  @typescript-eslint/no-unused-vars

./src/app/api/documents/[id]/versions/route.
ts
11:13  Warning: 'orgId' is assigned a value 
but never used. Allowed unused vars must 
match /^_/u.  
@typescript-eslint/no-unused-vars

./src/app/api/employee/dashboard/route.ts
10:13  Warning: 'orgId' is assigned a value 
but never used. Allowed unused vars must 
match /^_/u.  
@typescript-eslint/no-unused-vars
10:28  Warning: 'role' is assigned a value 
but never used. Allowed unused vars must 
match /^_/u.  
@typescript-eslint/no-unused-vars
156:13  Warning: 'orgId' is assigned a 
value but never used. Allowed unused vars 
must match /^_/u.  
@typescript-eslint/no-unused-vars
156:20  Warning: 'userId' is assigned a 
value but never used. Allowed unused vars 
must match /^_/u.  
@typescript-eslint/no-unused-vars
156:28  Warning: 'role' is assigned a value 
but never used. Allowed unused vars must 
match /^_/u.  
@typescript-eslint/no-unused-vars

./src/app/api/engagement-letters/[id]/sign/r
oute.ts
12:13  Warning: 'orgId' is assigned a value 
but never used. Allowed unused vars must 
match /^_/u.  
@typescript-eslint/no-unused-vars
12:20  Warning: 'userId' is assigned a 
value but never used. Allowed unused vars 
must match /^_/u.  
@typescript-eslint/no-unused-vars
12:28  Warning: 'role' is assigned a value 
but never used. Allowed unused vars must 
match /^_/u.  
@typescript-eslint/no-unused-vars

./src/app/api/inbox/route.ts
11:13  Warning: 'orgId' is assigned a value 
but never used. Allowed unused vars must 
match /^_/u.  
@typescript-eslint/no-unused-vars
11:20  Warning: 'userId' is assigned a 
value but never used. Allowed unused vars 
must match /^_/u.  
@typescript-eslint/no-unused-vars
11:28  Warning: 'role' is assigned a value 
but never used. Allowed unused vars must 
match /^_/u.  
@typescript-eslint/no-unused-vars

./src/app/api/inbox/[id]/route.ts
3:10  Warning: 'getSessionContext' is 
defined but never used. Allowed unused vars 
must match /^_/u.  
@typescript-eslint/no-unused-vars

./src/app/api/leads/route.ts
10:20  Warning: 'userId' is assigned a 
value but never used. Allowed unused vars 
must match /^_/u.  
@typescript-eslint/no-unused-vars
10:28  Warning: 'role' is assigned a value 
but never used. Allowed unused vars must 
match /^_/u.  
@typescript-eslint/no-unused-vars
74:28  Warning: 'role' is assigned a value 
but never used. Allowed unused vars must 
match /^_/u.  
@typescript-eslint/no-unused-vars
121:28  Warning: 'role' is assigned a value 
but never used. Allowed unused vars must 
match /^_/u.  
@typescript-eslint/no-unused-vars
171:20  Warning: 'userId' is assigned a 
value but never used. Allowed unused vars 
must match /^_/u.  
@typescript-eslint/no-unused-vars

./src/app/api/messages/route.ts
10:13  Warning: 'orgId' is assigned a value 
but never used. Allowed unused vars must 
match /^_/u.  
@typescript-eslint/no-unused-vars
10:20  Warning: 'userId' is assigned a 
value but never used. Allowed unused vars 
must match /^_/u.  
@typescript-eslint/no-unused-vars
10:28  Warning: 'role' is assigned a value 
but never used. Allowed unused vars must 
match /^_/u.  
@typescript-eslint/no-unused-vars
39:13  Warning: 'orgId' is assigned a value 
but never used. Allowed unused vars must 
match /^_/u.  
@typescript-eslint/no-unused-vars
39:20  Warning: 'userId' is assigned a 
value but never used. Allowed unused vars 
must match /^_/u.  
@typescript-eslint/no-unused-vars
39:28  Warning: 'role' is assigned a value 
but never used. Allowed unused vars must 
match /^_/u.  
@typescript-eslint/no-unused-vars

./src/app/api/messages/[threadId]/route.ts
10:13  Warning: 'orgId' is assigned a value 
but never used. Allowed unused vars must 
match /^_/u.  
@typescript-eslint/no-unused-vars
10:20  Warning: 'userId' is assigned a 
value but never used. Allowed unused vars 
must match /^_/u.  
@typescript-eslint/no-unused-vars
10:28  Warning: 'role' is assigned a value 
but never used. Allowed unused vars must 
match /^_/u.  
@typescript-eslint/no-unused-vars
44:13  Warning: 'orgId' is assigned a value 
but never used. Allowed unused vars must 
match /^_/u.  
@typescript-eslint/no-unused-vars
44:20  Warning: 'userId' is assigned a 
value but never used. Allowed unused vars 
must match /^_/u.  
@typescript-eslint/no-unused-vars
44:28  Warning: 'role' is assigned a value 
but never used. Allowed unused vars must 
match /^_/u.  
@typescript-eslint/no-unused-vars

./src/app/api/organizers/instances/route.ts
10:13  Warning: 'orgId' is assigned a value 
but never used. Allowed unused vars must 
match /^_/u.  
@typescript-eslint/no-unused-vars
10:20  Warning: 'userId' is assigned a 
value but never used. Allowed unused vars 
must match /^_/u.  
@typescript-eslint/no-unused-vars
10:28  Warning: 'role' is assigned a value 
but never used. Allowed unused vars must 
match /^_/u.  
@typescript-eslint/no-unused-vars
48:13  Warning: 'orgId' is assigned a value 
but never used. Allowed unused vars must 
match /^_/u.  
@typescript-eslint/no-unused-vars
48:20  Warning: 'userId' is assigned a 
value but never used. Allowed unused vars 
must match /^_/u.  
@typescript-eslint/no-unused-vars
48:28  Warning: 'role' is assigned a value 
but never used. Allowed unused vars must 
match /^_/u.  
@typescript-eslint/no-unused-vars

./src/app/api/organizers/instances/[id]/rout
e.ts
12:13  Warning: 'orgId' is assigned a value 
but never used. Allowed unused vars must 
match /^_/u.  
@typescript-eslint/no-unused-vars
12:20  Warning: 'userId' is assigned a 
value but never used. Allowed unused vars 
must match /^_/u.  
@typescript-eslint/no-unused-vars
12:28  Warning: 'role' is assigned a value 
but never used. Allowed unused vars must 
match /^_/u.  
@typescript-eslint/no-unused-vars

./src/app/api/organizers/templates/route.ts
10:13  Warning: 'orgId' is assigned a value 
but never used. Allowed unused vars must 
match /^_/u.  
@typescript-eslint/no-unused-vars
10:20  Warning: 'userId' is assigned a 
value but never used. Allowed unused vars 
must match /^_/u.  
@typescript-eslint/no-unused-vars
10:28  Warning: 'role' is assigned a value 
but never used. Allowed unused vars must 
match /^_/u.  
@typescript-eslint/no-unused-vars
41:13  Warning: 'orgId' is assigned a value 
but never used. Allowed unused vars must 
match /^_/u.  
@typescript-eslint/no-unused-vars
41:20  Warning: 'userId' is assigned a 
value but never used. Allowed unused vars 
must match /^_/u.  
@typescript-eslint/no-unused-vars
41:28  Warning: 'role' is assigned a value 
but never used. Allowed unused vars must 
match /^_/u.  
@typescript-eslint/no-unused-vars

./src/app/api/portal/chats/messages/route.ts
12:13  Warning: 'orgId' is assigned a value 
but never used. Allowed unused vars must 
match /^_/u.  
@typescript-eslint/no-unused-vars
12:28  Warning: 'role' is assigned a value 
but never used. Allowed unused vars must 
match /^_/u.  
@typescript-eslint/no-unused-vars

./src/app/api/portal/chats/route.ts
12:13  Warning: 'orgId' is assigned a value 
but never used. Allowed unused vars must 
match /^_/u.  
@typescript-eslint/no-unused-vars
12:28  Warning: 'role' is assigned a value 
but never used. Allowed unused vars must 
match /^_/u.  
@typescript-eslint/no-unused-vars
40:13  Warning: 'orgId' is assigned a value 
but never used. Allowed unused vars must 
match /^_/u.  
@typescript-eslint/no-unused-vars
40:28  Warning: 'role' is assigned a value 
but never used. Allowed unused vars must 
match /^_/u.  
@typescript-eslint/no-unused-vars

./src/app/api/portal/compliance/[id]/route.t
s
12:13  Warning: 'orgId' is assigned a value 
but never used. Allowed unused vars must 
match /^_/u.  
@typescript-eslint/no-unused-vars
12:28  Warning: 'role' is assigned a value 
but never used. Allowed unused vars must 
match /^_/u.  
@typescript-eslint/no-unused-vars

./src/app/api/portal/dashboard/route.ts
12:13  Warning: 'orgId' is assigned a value 
but never used. Allowed unused vars must 
match /^_/u.  
@typescript-eslint/no-unused-vars

./src/app/api/portal/documents/route.ts
12:13  Warning: 'orgId' is assigned a value 
but never used. Allowed unused vars must 
match /^_/u.  
@typescript-eslint/no-unused-vars
12:28  Warning: 'role' is assigned a value 
but never used. Allowed unused vars must 
match /^_/u.  
@typescript-eslint/no-unused-vars

./src/app/api/portal/invoices/pay/route.ts
11:13  Warning: 'orgId' is assigned a value 
but never used. Allowed unused vars must 
match /^_/u.  
@typescript-eslint/no-unused-vars
11:28  Warning: 'role' is assigned a value 
but never used. Allowed unused vars must 
match /^_/u.  
@typescript-eslint/no-unused-vars

./src/app/api/portal/invoices/route.ts
12:13  Warning: 'orgId' is assigned a value 
but never used. Allowed unused vars must 
match /^_/u.  
@typescript-eslint/no-unused-vars
12:28  Warning: 'role' is assigned a value 
but never used. Allowed unused vars must 
match /^_/u.  
@typescript-eslint/no-unused-vars

./src/app/api/portal/profile/route.ts
12:28  Warning: 'role' is assigned a value 
but never used. Allowed unused vars must 
match /^_/u.  
@typescript-eslint/no-unused-vars

./src/app/api/portal/reminders/route.ts
12:13  Warning: 'orgId' is assigned a value 
but never used. Allowed unused vars must 
match /^_/u.  
@typescript-eslint/no-unused-vars
12:28  Warning: 'role' is assigned a value 
but never used. Allowed unused vars must 
match /^_/u.  
@typescript-eslint/no-unused-vars
35:13  Warning: 'orgId' is assigned a value 
but never used. Allowed unused vars must 
match /^_/u.  
@typescript-eslint/no-unused-vars
35:28  Warning: 'role' is assigned a value 
but never used. Allowed unused vars must 
match /^_/u.  
@typescript-eslint/no-unused-vars

./src/app/api/portal/tasks/route.ts
11:13  Warning: 'orgId' is assigned a value 
but never used. Allowed unused vars must 
match /^_/u.  
@typescript-eslint/no-unused-vars
11:28  Warning: 'role' is assigned a value 
but never used. Allowed unused vars must 
match /^_/u.  
@typescript-eslint/no-unused-vars
41:13  Warning: 'orgId' is assigned a value 
but never used. Allowed unused vars must 
match /^_/u.  
@typescript-eslint/no-unused-vars
41:28  Warning: 'role' is assigned a value 
but never used. Allowed unused vars must 
match /^_/u.  
@typescript-eslint/no-unused-vars

./src/app/api/portal/vault/calendar/route.ts
8:27  Warning: 'request' is defined but 
never used. Allowed unused args must match 
/^_/u.  @typescript-eslint/no-unused-vars

./src/app/api/portal/vault/consultants/route
.ts
11:13  Warning: 'orgId' is assigned a value 
but never used. Allowed unused vars must 
match /^_/u.  
@typescript-eslint/no-unused-vars
11:28  Warning: 'role' is assigned a value 
but never used. Allowed unused vars must 
match /^_/u.  
@typescript-eslint/no-unused-vars
38:13  Warning: 'orgId' is assigned a value 
but never used. Allowed unused vars must 
match /^_/u.  
@typescript-eslint/no-unused-vars
38:28  Warning: 'role' is assigned a value 
but never used. Allowed unused vars must 
match /^_/u.  
@typescript-eslint/no-unused-vars
77:13  Warning: 'orgId' is assigned a value 
but never used. Allowed unused vars must 
match /^_/u.  
@typescript-eslint/no-unused-vars
77:28  Warning: 'role' is assigned a value 
but never used. Allowed unused vars must 
match /^_/u.  
@typescript-eslint/no-unused-vars

./src/app/api/portal/vault/entities/route.ts
23:13  Warning: 'orgId' is assigned a value 
but never used. Allowed unused vars must 
match /^_/u.  
@typescript-eslint/no-unused-vars
23:28  Warning: 'role' is assigned a value 
but never used. Allowed unused vars must 
match /^_/u.  
@typescript-eslint/no-unused-vars
42:13  Warning: 'orgId' is assigned a value 
but never used. Allowed unused vars must 
match /^_/u.  
@typescript-eslint/no-unused-vars
42:28  Warning: 'role' is assigned a value 
but never used. Allowed unused vars must 
match /^_/u.  
@typescript-eslint/no-unused-vars
73:13  Warning: 'orgId' is assigned a value 
but never used. Allowed unused vars must 
match /^_/u.  
@typescript-eslint/no-unused-vars
73:28  Warning: 'role' is assigned a value 
but never used. Allowed unused vars must 
match /^_/u.  
@typescript-eslint/no-unused-vars
102:13  Warning: 'orgId' is assigned a 
value but never used. Allowed unused vars 
must match /^_/u.  
@typescript-eslint/no-unused-vars
102:28  Warning: 'role' is assigned a value 
but never used. Allowed unused vars must 
match /^_/u.  
@typescript-eslint/no-unused-vars

./src/app/api/portal/vault/family/route.ts
11:13  Warning: 'orgId' is assigned a value 
but never used. Allowed unused vars must 
match /^_/u.  
@typescript-eslint/no-unused-vars
11:28  Warning: 'role' is assigned a value 
but never used. Allowed unused vars must 
match /^_/u.  
@typescript-eslint/no-unused-vars
30:13  Warning: 'orgId' is assigned a value 
but never used. Allowed unused vars must 
match /^_/u.  
@typescript-eslint/no-unused-vars
30:28  Warning: 'role' is assigned a value 
but never used. Allowed unused vars must 
match /^_/u.  
@typescript-eslint/no-unused-vars
61:13  Warning: 'orgId' is assigned a value 
but never used. Allowed unused vars must 
match /^_/u.  
@typescript-eslint/no-unused-vars
61:28  Warning: 'role' is assigned a value 
but never used. Allowed unused vars must 
match /^_/u.  
@typescript-eslint/no-unused-vars
90:13  Warning: 'orgId' is assigned a value 
but never used. Allowed unused vars must 
match /^_/u.  
@typescript-eslint/no-unused-vars
90:28  Warning: 'role' is assigned a value 
but never used. Allowed unused vars must 
match /^_/u.  
@typescript-eslint/no-unused-vars

./src/app/api/portal/vault/route.ts
23:13  Warning: 'orgId' is assigned a value 
but never used. Allowed unused vars must 
match /^_/u.  
@typescript-eslint/no-unused-vars
23:28  Warning: 'role' is assigned a value 
but never used. Allowed unused vars must 
match /^_/u.  
@typescript-eslint/no-unused-vars
27:11  Warning: 'type' is assigned a value 
but never used. Allowed unused vars must 
match /^_/u.  
@typescript-eslint/no-unused-vars
114:13  Warning: 'orgId' is assigned a 
value but never used. Allowed unused vars 
must match /^_/u.  
@typescript-eslint/no-unused-vars
114:28  Warning: 'role' is assigned a value 
but never used. Allowed unused vars must 
match /^_/u.  
@typescript-eslint/no-unused-vars
143:13  Warning: 'orgId' is assigned a 
value but never used. Allowed unused vars 
must match /^_/u.  
@typescript-eslint/no-unused-vars
143:28  Warning: 'role' is assigned a value 
but never used. Allowed unused vars must 
match /^_/u.  
@typescript-eslint/no-unused-vars
179:13  Warning: 'orgId' is assigned a 
value but never used. Allowed unused vars 
must match /^_/u.  
@typescript-eslint/no-unused-vars
179:28  Warning: 'role' is assigned a value 
but never used. Allowed unused vars must 
match /^_/u.  
@typescript-eslint/no-unused-vars

./src/app/api/projects/route.ts
6:27  Warning: 'request' is defined but 
never used. Allowed unused args must match 
/^_/u.  @typescript-eslint/no-unused-vars
69:28  Warning: 'role' is assigned a value 
but never used. Allowed unused vars must 
match /^_/u.  
@typescript-eslint/no-unused-vars
157:20  Warning: 'userId' is assigned a 
value but never used. Allowed unused vars 
must match /^_/u.  
@typescript-eslint/no-unused-vars
157:28  Warning: 'role' is assigned a value 
but never used. Allowed unused vars must 
match /^_/u.  
@typescript-eslint/no-unused-vars

./src/app/api/reminders/route.ts
10:13  Warning: 'orgId' is assigned a value 
but never used. Allowed unused vars must 
match /^_/u.  
@typescript-eslint/no-unused-vars
10:20  Warning: 'userId' is assigned a 
value but never used. Allowed unused vars 
must match /^_/u.  
@typescript-eslint/no-unused-vars
10:28  Warning: 'role' is assigned a value 
but never used. Allowed unused vars must 
match /^_/u.  
@typescript-eslint/no-unused-vars
38:13  Warning: 'orgId' is assigned a value 
but never used. Allowed unused vars must 
match /^_/u.  
@typescript-eslint/no-unused-vars
38:20  Warning: 'userId' is assigned a 
value but never used. Allowed unused vars 
must match /^_/u.  
@typescript-eslint/no-unused-vars
38:28  Warning: 'role' is assigned a value 
but never used. Allowed unused vars must 
match /^_/u.  
@typescript-eslint/no-unused-vars
72:13  Warning: 'orgId' is assigned a value 
but never used. Allowed unused vars must 
match /^_/u.  
@typescript-eslint/no-unused-vars
72:20  Warning: 'userId' is assigned a 
value but never used. Allowed unused vars 
must match /^_/u.  
@typescript-eslint/no-unused-vars
72:28  Warning: 'role' is assigned a value 
but never used. Allowed unused vars must 
match /^_/u.  
@typescript-eslint/no-unused-vars
102:13  Warning: 'orgId' is assigned a 
value but never used. Allowed unused vars 
must match /^_/u.  
@typescript-eslint/no-unused-vars
102:20  Warning: 'userId' is assigned a 
value but never used. Allowed unused vars 
must match /^_/u.  
@typescript-eslint/no-unused-vars
102:28  Warning: 'role' is assigned a value 
but never used. Allowed unused vars must 
match /^_/u.  
@typescript-eslint/no-unused-vars

./src/app/api/reports/data/route.ts
10:13  Warning: 'orgId' is assigned a value 
but never used. Allowed unused vars must 
match /^_/u.  
@typescript-eslint/no-unused-vars
10:20  Warning: 'userId' is assigned a 
value but never used. Allowed unused vars 
must match /^_/u.  
@typescript-eslint/no-unused-vars
10:28  Warning: 'role' is assigned a value 
but never used. Allowed unused vars must 
match /^_/u.  
@typescript-eslint/no-unused-vars

./src/app/api/reports/missing-documents/rout
e.ts
5:27  Warning: 'req' is defined but never 
used. Allowed unused args must match /^_/u. 
 @typescript-eslint/no-unused-vars
10:13  Warning: 'orgId' is assigned a value 
but never used. Allowed unused vars must 
match /^_/u.  
@typescript-eslint/no-unused-vars
10:20  Warning: 'userId' is assigned a 
value but never used. Allowed unused vars 
must match /^_/u.  
@typescript-eslint/no-unused-vars
10:28  Warning: 'role' is assigned a value 
but never used. Allowed unused vars must 
match /^_/u.  
@typescript-eslint/no-unused-vars

./src/app/api/settings/client-types/route.ts
10:13  Warning: 'orgId' is assigned a value 
but never used. Allowed unused vars must 
match /^_/u.  
@typescript-eslint/no-unused-vars
10:20  Warning: 'userId' is assigned a 
value but never used. Allowed unused vars 
must match /^_/u.  
@typescript-eslint/no-unused-vars
10:28  Warning: 'role' is assigned a value 
but never used. Allowed unused vars must 
match /^_/u.  
@typescript-eslint/no-unused-vars
15:12  Warning: 'error' is defined but 
never used.  
@typescript-eslint/no-unused-vars
24:13  Warning: 'orgId' is assigned a value 
but never used. Allowed unused vars must 
match /^_/u.  
@typescript-eslint/no-unused-vars
24:20  Warning: 'userId' is assigned a 
value but never used. Allowed unused vars 
must match /^_/u.  
@typescript-eslint/no-unused-vars
24:28  Warning: 'role' is assigned a value 
but never used. Allowed unused vars must 
match /^_/u.  
@typescript-eslint/no-unused-vars
44:13  Warning: 'orgId' is assigned a value 
but never used. Allowed unused vars must 
match /^_/u.  
@typescript-eslint/no-unused-vars
44:20  Warning: 'userId' is assigned a 
value but never used. Allowed unused vars 
must match /^_/u.  
@typescript-eslint/no-unused-vars
44:28  Warning: 'role' is assigned a value 
but never used. Allowed unused vars must 
match /^_/u.  
@typescript-eslint/no-unused-vars
50:12  Warning: 'error' is defined but 
never used.  
@typescript-eslint/no-unused-vars
59:13  Warning: 'orgId' is assigned a value 
but never used. Allowed unused vars must 
match /^_/u.  
@typescript-eslint/no-unused-vars
59:20  Warning: 'userId' is assigned a 
value but never used. Allowed unused vars 
must match /^_/u.  
@typescript-eslint/no-unused-vars
59:28  Warning: 'role' is assigned a value 
but never used. Allowed unused vars must 
match /^_/u.  
@typescript-eslint/no-unused-vars
73:12  Warning: 'error' is defined but 
never used.  
@typescript-eslint/no-unused-vars

./src/app/api/settings/profile/route.ts
2:10  Warning: 'getDb' is defined but never 
used. Allowed unused vars must match /^_/u. 
 @typescript-eslint/no-unused-vars
3:10  Warning: 'getSessionContext' is 
defined but never used. Allowed unused vars 
must match /^_/u.  
@typescript-eslint/no-unused-vars

./src/app/api/settings/team/route.ts
10:13  Warning: 'orgId' is assigned a value 
but never used. Allowed unused vars must 
match /^_/u.  
@typescript-eslint/no-unused-vars
10:20  Warning: 'userId' is assigned a 
value but never used. Allowed unused vars 
must match /^_/u.  
@typescript-eslint/no-unused-vars
10:28  Warning: 'role' is assigned a value 
but never used. Allowed unused vars must 
match /^_/u.  
@typescript-eslint/no-unused-vars

./src/app/api/staff/clients/route.ts
12:13  Warning: 'orgId' is assigned a value 
but never used. Allowed unused vars must 
match /^_/u.  
@typescript-eslint/no-unused-vars
12:28  Warning: 'role' is assigned a value 
but never used. Allowed unused vars must 
match /^_/u.  
@typescript-eslint/no-unused-vars

./src/app/api/staff/clients/[id]/route.ts
12:13  Warning: 'orgId' is assigned a value 
but never used. Allowed unused vars must 
match /^_/u.  
@typescript-eslint/no-unused-vars
12:28  Warning: 'role' is assigned a value 
but never used. Allowed unused vars must 
match /^_/u.  
@typescript-eslint/no-unused-vars

./src/app/api/staff/dashboard/route.ts
11:13  Warning: 'orgId' is assigned a value 
but never used. Allowed unused vars must 
match /^_/u.  
@typescript-eslint/no-unused-vars
11:28  Warning: 'role' is assigned a value 
but never used. Allowed unused vars must 
match /^_/u.  
@typescript-eslint/no-unused-vars

./src/app/api/staff/inbox/route.ts
9:13  Warning: 'orgId' is assigned a value 
but never used. Allowed unused vars must 
match /^_/u.  
@typescript-eslint/no-unused-vars
9:28  Warning: 'role' is assigned a value 
but never used. Allowed unused vars must 
match /^_/u.  
@typescript-eslint/no-unused-vars
37:13  Warning: 'orgId' is assigned a value 
but never used. Allowed unused vars must 
match /^_/u.  
@typescript-eslint/no-unused-vars
37:20  Warning: 'userId' is assigned a 
value but never used. Allowed unused vars 
must match /^_/u.  
@typescript-eslint/no-unused-vars
37:28  Warning: 'role' is assigned a value 
but never used. Allowed unused vars must 
match /^_/u.  
@typescript-eslint/no-unused-vars

./src/app/api/staff/leads/route.ts
12:13  Warning: 'orgId' is assigned a value 
but never used. Allowed unused vars must 
match /^_/u.  
@typescript-eslint/no-unused-vars
12:20  Warning: 'userId' is assigned a 
value but never used. Allowed unused vars 
must match /^_/u.  
@typescript-eslint/no-unused-vars
12:28  Warning: 'role' is assigned a value 
but never used. Allowed unused vars must 
match /^_/u.  
@typescript-eslint/no-unused-vars

./src/app/api/staff/profile/route.ts
11:20  Warning: 'userId' is assigned a 
value but never used. Allowed unused vars 
must match /^_/u.  
@typescript-eslint/no-unused-vars
11:28  Warning: 'role' is assigned a value 
but never used. Allowed unused vars must 
match /^_/u.  
@typescript-eslint/no-unused-vars
53:13  Warning: 'orgId' is assigned a value 
but never used. Allowed unused vars must 
match /^_/u.  
@typescript-eslint/no-unused-vars
53:20  Warning: 'userId' is assigned a 
value but never used. Allowed unused vars 
must match /^_/u.  
@typescript-eslint/no-unused-vars
53:28  Warning: 'role' is assigned a value 
but never used. Allowed unused vars must 
match /^_/u.  
@typescript-eslint/no-unused-vars

./src/app/api/staff/reminders/route.ts
11:13  Warning: 'orgId' is assigned a value 
but never used. Allowed unused vars must 
match /^_/u.  
@typescript-eslint/no-unused-vars
11:20  Warning: 'userId' is assigned a 
value but never used. Allowed unused vars 
must match /^_/u.  
@typescript-eslint/no-unused-vars
11:28  Warning: 'role' is assigned a value 
but never used. Allowed unused vars must 
match /^_/u.  
@typescript-eslint/no-unused-vars
38:13  Warning: 'orgId' is assigned a value 
but never used. Allowed unused vars must 
match /^_/u.  
@typescript-eslint/no-unused-vars
38:20  Warning: 'userId' is assigned a 
value but never used. Allowed unused vars 
must match /^_/u.  
@typescript-eslint/no-unused-vars
38:28  Warning: 'role' is assigned a value 
but never used. Allowed unused vars must 
match /^_/u.  
@typescript-eslint/no-unused-vars
65:13  Warning: 'orgId' is assigned a value 
but never used. Allowed unused vars must 
match /^_/u.  
@typescript-eslint/no-unused-vars
65:20  Warning: 'userId' is assigned a 
value but never used. Allowed unused vars 
must match /^_/u.  
@typescript-eslint/no-unused-vars
65:28  Warning: 'role' is assigned a value 
but never used. Allowed unused vars must 
match /^_/u.  
@typescript-eslint/no-unused-vars

./src/app/api/staff/tasks/route.ts
10:20  Warning: 'userId' is assigned a 
value but never used. Allowed unused vars 
must match /^_/u.  
@typescript-eslint/no-unused-vars
10:28  Warning: 'role' is assigned a value 
but never used. Allowed unused vars must 
match /^_/u.  
@typescript-eslint/no-unused-vars

./src/app/api/teams/assignables/route.ts
16:13  Warning: 'orgId' is assigned a value 
but never used. Allowed unused vars must 
match /^_/u.  
@typescript-eslint/no-unused-vars
16:20  Warning: 'userId' is assigned a 
value but never used. Allowed unused vars 
must match /^_/u.  
@typescript-eslint/no-unused-vars
16:28  Warning: 'role' is assigned a value 
but never used. Allowed unused vars must 
match /^_/u.  
@typescript-eslint/no-unused-vars

./src/app/api/teams/revenue/route.ts
13:13  Warning: 'orgId' is assigned a value 
but never used. Allowed unused vars must 
match /^_/u.  
@typescript-eslint/no-unused-vars
13:20  Warning: 'userId' is assigned a 
value but never used. Allowed unused vars 
must match /^_/u.  
@typescript-eslint/no-unused-vars
13:28  Warning: 'role' is assigned a value 
but never used. Allowed unused vars must 
match /^_/u.  
@typescript-eslint/no-unused-vars

./src/app/api/teams/route.ts
10:13  Warning: 'orgId' is assigned a value 
but never used. Allowed unused vars must 
match /^_/u.  
@typescript-eslint/no-unused-vars
10:20  Warning: 'userId' is assigned a 
value but never used. Allowed unused vars 
must match /^_/u.  
@typescript-eslint/no-unused-vars
10:28  Warning: 'role' is assigned a value 
but never used. Allowed unused vars must 
match /^_/u.  
@typescript-eslint/no-unused-vars
69:13  Warning: 'orgId' is assigned a value 
but never used. Allowed unused vars must 
match /^_/u.  
@typescript-eslint/no-unused-vars
69:20  Warning: 'userId' is assigned a 
value but never used. Allowed unused vars 
must match /^_/u.  
@typescript-eslint/no-unused-vars
69:28  Warning: 'role' is assigned a value 
but never used. Allowed unused vars must 
match /^_/u.  
@typescript-eslint/no-unused-vars
101:13  Warning: 'orgId' is assigned a 
value but never used. Allowed unused vars 
must match /^_/u.  
@typescript-eslint/no-unused-vars
101:20  Warning: 'userId' is assigned a 
value but never used. Allowed unused vars 
must match /^_/u.  
@typescript-eslint/no-unused-vars
101:28  Warning: 'role' is assigned a value 
but never used. Allowed unused vars must 
match /^_/u.  
@typescript-eslint/no-unused-vars
128:13  Warning: 'orgId' is assigned a 
value but never used. Allowed unused vars 
must match /^_/u.  
@typescript-eslint/no-unused-vars
128:20  Warning: 'userId' is assigned a 
value but never used. Allowed unused vars 
must match /^_/u.  
@typescript-eslint/no-unused-vars
128:28  Warning: 'role' is assigned a value 
but never used. Allowed unused vars must 
match /^_/u.  
@typescript-eslint/no-unused-vars

./src/app/api/templates/route.ts
11:13  Warning: 'orgId' is assigned a value 
but never used. Allowed unused vars must 
match /^_/u.  
@typescript-eslint/no-unused-vars
11:20  Warning: 'userId' is assigned a 
value but never used. Allowed unused vars 
must match /^_/u.  
@typescript-eslint/no-unused-vars
11:28  Warning: 'role' is assigned a value 
but never used. Allowed unused vars must 
match /^_/u.  
@typescript-eslint/no-unused-vars
54:13  Warning: 'orgId' is assigned a value 
but never used. Allowed unused vars must 
match /^_/u.  
@typescript-eslint/no-unused-vars
54:20  Warning: 'userId' is assigned a 
value but never used. Allowed unused vars 
must match /^_/u.  
@typescript-eslint/no-unused-vars
54:28  Warning: 'role' is assigned a value 
but never used. Allowed unused vars must 
match /^_/u.  
@typescript-eslint/no-unused-vars
111:13  Warning: 'orgId' is assigned a 
value but never used. Allowed unused vars 
must match /^_/u.  
@typescript-eslint/no-unused-vars
111:20  Warning: 'userId' is assigned a 
value but never used. Allowed unused vars 
must match /^_/u.  
@typescript-eslint/no-unused-vars
111:28  Warning: 'role' is assigned a value 
but never used. Allowed unused vars must 
match /^_/u.  
@typescript-eslint/no-unused-vars
141:13  Warning: 'orgId' is assigned a 
value but never used. Allowed unused vars 
must match /^_/u.  
@typescript-eslint/no-unused-vars
141:20  Warning: 'userId' is assigned a 
value but never used. Allowed unused vars 
must match /^_/u.  
@typescript-eslint/no-unused-vars
141:28  Warning: 'role' is assigned a value 
but never used. Allowed unused vars must 
match /^_/u.  
@typescript-eslint/no-unused-vars

./src/app/api/templates/[id]/route.ts
11:13  Warning: 'orgId' is assigned a value 
but never used. Allowed unused vars must 
match /^_/u.  
@typescript-eslint/no-unused-vars
11:20  Warning: 'userId' is assigned a 
value but never used. Allowed unused vars 
must match /^_/u.  
@typescript-eslint/no-unused-vars
11:28  Warning: 'role' is assigned a value 
but never used. Allowed unused vars must 
match /^_/u.  
@typescript-eslint/no-unused-vars

./src/app/api/users/[id]/stages/route.ts
11:13  Warning: 'orgId' is assigned a value 
but never used. Allowed unused vars must 
match /^_/u.  
@typescript-eslint/no-unused-vars
11:20  Warning: 'userId' is assigned a 
value but never used. Allowed unused vars 
must match /^_/u.  
@typescript-eslint/no-unused-vars
11:28  Warning: 'role' is assigned a value 
but never used. Allowed unused vars must 
match /^_/u.  
@typescript-eslint/no-unused-vars

./src/app/compliance-guide/page.tsx
3:80  Warning: 'ShieldCheck' is defined but 
never used. Allowed unused vars must match 
/^_/u.  @typescript-eslint/no-unused-vars
3:93  Warning: 'Scale' is defined but never 
used. Allowed unused vars must match /^_/u. 
 @typescript-eslint/no-unused-vars

./src/app/dashboard/activity/page.tsx
3:10  Warning: 'Activity' is defined but 
never used. Allowed unused vars must match 
/^_/u.  @typescript-eslint/no-unused-vars
3:20  Warning: 'ArrowRight' is defined but 
never used. Allowed unused vars must match 
/^_/u.  @typescript-eslint/no-unused-vars

./src/app/dashboard/billing/page.tsx
3:53  Warning: 'FileText' is defined but 
never used. Allowed unused vars must match 
/^_/u.  @typescript-eslint/no-unused-vars

./src/app/dashboard/clients/[id]/page.tsx
5:93  Warning: 'Eye' is defined but never 
used. Allowed unused vars must match /^_/u. 
 @typescript-eslint/no-unused-vars
5:174  Warning: 'Calendar' is defined but 
never used. Allowed unused vars must match 
/^_/u.  @typescript-eslint/no-unused-vars
5:362  Warning: 'Receipt' is defined but 
never used. Allowed unused vars must match 
/^_/u.  @typescript-eslint/no-unused-vars
14:9  Warning: 'router' is assigned a value 
but never used. Allowed unused vars must 
match /^_/u.  
@typescript-eslint/no-unused-vars
18:10  Warning: 'showContactModal' is 
assigned a value but never used. Allowed 
unused vars must match /^_/u.  
@typescript-eslint/no-unused-vars
125:6  Warning: React Hook useEffect has 
missing dependencies: 'loadClient', 
'loadDocData', and 'loadRelationships'. 
Either include them or remove the 
dependency array.  
react-hooks/exhaustive-deps
189:18  Warning: 'handleCreateContact' is 
defined but never used. Allowed unused vars 
must match /^_/u.  
@typescript-eslint/no-unused-vars
214:91  Warning: 'contacts' is assigned a 
value but never used. Allowed unused vars 
must match /^_/u.  
@typescript-eslint/no-unused-vars
215:9  Warning: 'typeLabel' is assigned a 
value but never used. Allowed unused vars 
must match /^_/u.  
@typescript-eslint/no-unused-vars
431:17  Warning: 'periodColor' is assigned 
a value but never used. Allowed unused vars 
must match /^_/u.  
@typescript-eslint/no-unused-vars

./src/app/dashboard/layout.tsx
5:201  Warning: 'UserCircle' is defined but 
never used. Allowed unused vars must match 
/^_/u.  @typescript-eslint/no-unused-vars
50:9  Warning: 'searchParams' is assigned a 
value but never used. Allowed unused vars 
must match /^_/u.  
@typescript-eslint/no-unused-vars
57:10  Warning: 'expandedNavItems' is 
assigned a value but never used. Allowed 
unused vars must match /^_/u.  
@typescript-eslint/no-unused-vars
112:9  Warning: 'toggleNavExpand' is 
assigned a value but never used. Allowed 
unused vars must match /^_/u.  
@typescript-eslint/no-unused-vars

./src/app/dashboard/leads/[id]/page.tsx
5:192  Warning: 'Edit3' is defined but 
never used. Allowed unused vars must match 
/^_/u.  @typescript-eslint/no-unused-vars
5:199  Warning: 'Trash2' is defined but 
never used. Allowed unused vars must match 
/^_/u.  @typescript-eslint/no-unused-vars
43:10  Warning: 'showProposalForm' is 
assigned a value but never used. Allowed 
unused vars must match /^_/u.  
@typescript-eslint/no-unused-vars
78:18  Warning: 'addProposal' is defined 
but never used. Allowed unused vars must 
match /^_/u.  
@typescript-eslint/no-unused-vars

./src/app/dashboard/messages/page.tsx
40:6  Warning: React Hook useEffect has a 
missing dependency: 'selectedThread'. 
Either include it or remove the dependency 
array.  react-hooks/exhaustive-deps

./src/app/dashboard/my-portal/page.tsx
8:27  Warning: 'User' is defined but never 
used. Allowed unused vars must match /^_/u. 
 @typescript-eslint/no-unused-vars
52:36  Warning: React Hook useEffect has a 
missing dependency: 'loadData'. Either 
include it or remove the dependency array.  
react-hooks/exhaustive-deps

./src/app/dashboard/projects/page.tsx
3:55  Warning: 'ExternalLink' is defined 
but never used. Allowed unused vars must 
match /^_/u.  
@typescript-eslint/no-unused-vars
3:69  Warning: 'ArrowRight' is defined but 
never used. Allowed unused vars must match 
/^_/u.  @typescript-eslint/no-unused-vars
14:10  Warning: 'loading' is assigned a 
value but never used. Allowed unused vars 
must match /^_/u.  
@typescript-eslint/no-unused-vars

./src/app/dashboard/projects/[id]/page.tsx
23:39  Warning: React Hook useEffect has a 
missing dependency: 'loadProject'. Either 
include it or remove the dependency array.  
react-hooks/exhaustive-deps
85:9  Warning: 'stageIcon' is assigned a 
value but never used. Allowed unused vars 
must match /^_/u.  
@typescript-eslint/no-unused-vars

./src/app/dashboard/settings/page.tsx
3:110  Warning: 'MessageCircle' is defined 
but never used. Allowed unused vars must 
match /^_/u.  
@typescript-eslint/no-unused-vars
3:145  Warning: 'ExternalLink' is defined 
but never used. Allowed unused vars must 
match /^_/u.  
@typescript-eslint/no-unused-vars
232:14  Warning: 'error' is defined but 
never used.  
@typescript-eslint/no-unused-vars
250:9  Warning: 'handleConnectIntegration' 
is assigned a value but never used. Allowed 
unused vars must match /^_/u.  
@typescript-eslint/no-unused-vars

./src/app/features/page.tsx
3:89  Warning: 'CheckCircle' is defined but 
never used. Allowed unused vars must match 
/^_/u.  @typescript-eslint/no-unused-vars

./src/app/layout.tsx
20:9  Warning: Custom fonts not added in 
`pages/_document.js` will only load for a 
single page. This is discouraged. See: https
://nextjs.org/docs/messages/no-page-custom-f
ont  @next/next/no-page-custom-font

./src/app/page.tsx
3:27  Warning: 'Users' is defined but never 
used. Allowed unused vars must match /^_/u. 
 @typescript-eslint/no-unused-vars
3:34  Warning: 'FileStack' is defined but 
never used. Allowed unused vars must match 
/^_/u.  @typescript-eslint/no-unused-vars
3:85  Warning: 'CheckCircle2' is defined 
but never used. Allowed unused vars must 
match /^_/u.  
@typescript-eslint/no-unused-vars
3:116  Warning: 'Lock' is defined but never 
used. Allowed unused vars must match /^_/u. 
 @typescript-eslint/no-unused-vars
3:143  Warning: 'Network' is defined but 
never used. Allowed unused vars must match 
/^_/u.  @typescript-eslint/no-unused-vars
3:152  Warning: 'Scale' is defined but 
never used. Allowed unused vars must match 
/^_/u.  @typescript-eslint/no-unused-vars
3:159  Warning: 'BellRing' is defined but 
never used. Allowed unused vars must match 
/^_/u.  @typescript-eslint/no-unused-vars

./src/app/platform/organizations/page.tsx
3:43  Warning: 'Edit2' is defined but never 
used. Allowed unused vars must match /^_/u. 
 @typescript-eslint/no-unused-vars
3:50  Warning: 'Ban' is defined but never 
used. Allowed unused vars must match /^_/u. 
 @typescript-eslint/no-unused-vars
3:55  Warning: 'CheckCircle' is defined but 
never used. Allowed unused vars must match 
/^_/u.  @typescript-eslint/no-unused-vars

./src/app/portal/layout.tsx
5:10  Warning: 'Home' is defined but never 
used. Allowed unused vars must match /^_/u. 
 @typescript-eslint/no-unused-vars
5:16  Warning: 'FileText' is defined but 
never used. Allowed unused vars must match 
/^_/u.  @typescript-eslint/no-unused-vars
5:26  Warning: 'MessageSquare' is defined 
but never used. Allowed unused vars must 
match /^_/u.  
@typescript-eslint/no-unused-vars
5:41  Warning: 'ClipboardList' is defined 
but never used. Allowed unused vars must 
match /^_/u.  
@typescript-eslint/no-unused-vars
5:56  Warning: 'CreditCard' is defined but 
never used. Allowed unused vars must match 
/^_/u.  @typescript-eslint/no-unused-vars
8:9  Warning: 'pathname' is assigned a 
value but never used. Allowed unused vars 
must match /^_/u.  
@typescript-eslint/no-unused-vars

./src/app/portal/page.tsx
12:41  Warning: 'Landmark' is defined but 
never used. Allowed unused vars must match 
/^_/u.  @typescript-eslint/no-unused-vars
13:17  Warning: 'Stethoscope' is defined 
but never used. Allowed unused vars must 
match /^_/u.  
@typescript-eslint/no-unused-vars
13:30  Warning: 'CircleDollarSign' is 
defined but never used. Allowed unused vars 
must match /^_/u.  
@typescript-eslint/no-unused-vars
13:48  Warning: 'Home' is defined but never 
used. Allowed unused vars must match /^_/u. 
 @typescript-eslint/no-unused-vars
40:6  Warning: React Hook useEffect has a 
missing dependency: 'tab'. Either include 
it or remove the dependency array.  
react-hooks/exhaustive-deps
48:6  Warning: React Hook useEffect has 
missing dependencies: 'vaultCalLoading' and 
'vaultCalTasks.length'. Either include them 
or remove the dependency array.  
react-hooks/exhaustive-deps
110:96  Warning: React Hook useEffect has 
missing dependencies: 'docData' and 
'loadDocData'. Either include them or 
remove the dependency array.  
react-hooks/exhaustive-deps
111:95  Warning: React Hook useEffect has a 
missing dependency: 'chatThreads.length'. 
Either include it or remove the dependency 
array.  react-hooks/exhaustive-deps
145:32  Warning: 'tasks' is assigned a 
value but never used. Allowed unused vars 
must match /^_/u.  
@typescript-eslint/no-unused-vars
145:129  Warning: 'reminders' is assigned a 
value but never used. Allowed unused vars 
must match /^_/u.  
@typescript-eslint/no-unused-vars
145:140  Warning: 'activity' is assigned a 
value but never used. Allowed unused vars 
must match /^_/u.  
@typescript-eslint/no-unused-vars
145:165  Warning: 'unreadChats' is assigned 
a value but never used. Allowed unused vars 
must match /^_/u.  
@typescript-eslint/no-unused-vars
1092:11  Warning: 'client' is assigned a 
value but never used. Allowed unused vars 
must match /^_/u.  
@typescript-eslint/no-unused-vars
1092:83  Warning: 'unreadChats' is assigned 
a value but never used. Allowed unused vars 
must match /^_/u.  
@typescript-eslint/no-unused-vars
1092:96  Warning: 'reminders' is assigned a 
value but never used. Allowed unused vars 
must match /^_/u.  
@typescript-eslint/no-unused-vars
1164:64  Warning: 'statusSummary' is 
defined but never used. Allowed unused args 
must match /^_/u.  
@typescript-eslint/no-unused-vars

./src/app/staff/calendar/page.tsx
4:58  Warning: 'AlertTriangle' is defined 
but never used. Allowed unused vars must 
match /^_/u.  
@typescript-eslint/no-unused-vars
4:73  Warning: 'CheckCircle' is defined but 
never used. Allowed unused vars must match 
/^_/u.  @typescript-eslint/no-unused-vars
4:86  Warning: 'Clock' is defined but never 
used. Allowed unused vars must match /^_/u. 
 @typescript-eslint/no-unused-vars
4:93  Warning: 'Briefcase' is defined but 
never used. Allowed unused vars must match 
/^_/u.  @typescript-eslint/no-unused-vars
19:6  Warning: React Hook useEffect has a 
missing dependency: 'router'. Either 
include it or remove the dependency array.  
react-hooks/exhaustive-deps

./src/app/staff/clients/page.tsx
4:8  Warning: 'Link' is defined but never 
used. Allowed unused vars must match /^_/u. 
 @typescript-eslint/no-unused-vars
5:29  Warning: 'Users' is defined but never 
used. Allowed unused vars must match /^_/u. 
 @typescript-eslint/no-unused-vars
5:36  Warning: 'Building2' is defined but 
never used. Allowed unused vars must match 
/^_/u.  @typescript-eslint/no-unused-vars
5:47  Warning: 'User' is defined but never 
used. Allowed unused vars must match /^_/u. 
 @typescript-eslint/no-unused-vars
5:66  Warning: 'MapPin' is defined but 
never used. Allowed unused vars must match 
/^_/u.  @typescript-eslint/no-unused-vars
5:88  Warning: 'FolderKanban' is defined 
but never used. Allowed unused vars must 
match /^_/u.  
@typescript-eslint/no-unused-vars
5:102  Warning: 'DollarSign' is defined but 
never used. Allowed unused vars must match 
/^_/u.  @typescript-eslint/no-unused-vars
23:6  Warning: React Hook useEffect has a 
missing dependency: 'router'. Either 
include it or remove the dependency array.  
react-hooks/exhaustive-deps

./src/app/staff/clients/[id]/page.tsx
4:8  Warning: 'Link' is defined but never 
used. Allowed unused vars must match /^_/u. 
 @typescript-eslint/no-unused-vars
6:14  Warning: 'Building2' is defined but 
never used. Allowed unused vars must match 
/^_/u.  @typescript-eslint/no-unused-vars
6:63  Warning: 'User' is defined but never 
used. Allowed unused vars must match /^_/u. 
 @typescript-eslint/no-unused-vars
7:23  Warning: 'AlertTriangle' is defined 
but never used. Allowed unused vars must 
match /^_/u.  
@typescript-eslint/no-unused-vars
7:38  Warning: 'DollarSign' is defined but 
never used. Allowed unused vars must match 
/^_/u.  @typescript-eslint/no-unused-vars
27:6  Warning: React Hook useEffect has a 
missing dependency: 'router'. Either 
include it or remove the dependency array.  
react-hooks/exhaustive-deps
36:9  Warning: 'getStagesForEngagement' is 
assigned a value but never used. Allowed 
unused vars must match /^_/u.  
@typescript-eslint/no-unused-vars
173:74  Warning: 'i' is defined but never 
used. Allowed unused args must match /^_/u. 
 @typescript-eslint/no-unused-vars

./src/app/staff/inbox/page.tsx
27:9  Warning: 'router' is assigned a value 
but never used. Allowed unused vars must 
match /^_/u.  
@typescript-eslint/no-unused-vars

./src/app/staff/layout.tsx
48:6  Warning: React Hook useEffect has a 
missing dependency: 'router'. Either 
include it or remove the dependency array.  
react-hooks/exhaustive-deps

./src/app/staff/leads/page.tsx
4:62  Warning: 'Building2' is defined but 
never used. Allowed unused vars must match 
/^_/u.  @typescript-eslint/no-unused-vars
4:73  Warning: 'ArrowRight' is defined but 
never used. Allowed unused vars must match 
/^_/u.  @typescript-eslint/no-unused-vars
20:6  Warning: React Hook useEffect has a 
missing dependency: 'router'. Either 
include it or remove the dependency array.  
react-hooks/exhaustive-deps

./src/app/staff/messages/page.tsx
4:45  Warning: 'Paperclip' is defined but 
never used. Allowed unused vars must match 
/^_/u.  @typescript-eslint/no-unused-vars
17:9  Warning: 'router' is assigned a value 
but never used. Allowed unused vars must 
match /^_/u.  
@typescript-eslint/no-unused-vars
34:6  Warning: React Hook useEffect has a 
missing dependency: 'selectedThread'. 
Either include it or remove the dependency 
array.  react-hooks/exhaustive-deps

./src/app/staff/page.tsx
6:3  Warning: 'LayoutDashboard' is defined 
but never used. Allowed unused vars must 
match /^_/u.  
@typescript-eslint/no-unused-vars
7:33  Warning: 'TrendingUp' is defined but 
never used. Allowed unused vars must match 
/^_/u.  @typescript-eslint/no-unused-vars
7:45  Warning: 'Play' is defined but never 
used. Allowed unused vars must match /^_/u. 
 @typescript-eslint/no-unused-vars
8:18  Warning: 'Users' is defined but never 
used. Allowed unused vars must match /^_/u. 
 @typescript-eslint/no-unused-vars
8:25  Warning: 'ArrowRight' is defined but 
never used. Allowed unused vars must match 
/^_/u.  @typescript-eslint/no-unused-vars
8:37  Warning: 'ExternalLink' is defined 
but never used. Allowed unused vars must 
match /^_/u.  
@typescript-eslint/no-unused-vars
37:6  Warning: React Hook useEffect has a 
missing dependency: 'router'. Either 
include it or remove the dependency array.  
react-hooks/exhaustive-deps

./src/app/staff/projects/page.tsx
4:8  Warning: 'Link' is defined but never 
used. Allowed unused vars must match /^_/u. 
 @typescript-eslint/no-unused-vars
6:17  Warning: 'AlertTriangle' is defined 
but never used. Allowed unused vars must 
match /^_/u.  
@typescript-eslint/no-unused-vars
6:32  Warning: 'CheckCircle' is defined but 
never used. Allowed unused vars must match 
/^_/u.  @typescript-eslint/no-unused-vars
6:45  Warning: 'Clock' is defined but never 
used. Allowed unused vars must match /^_/u. 
 @typescript-eslint/no-unused-vars
6:65  Warning: 'ExternalLink' is defined 
but never used. Allowed unused vars must 
match /^_/u.  
@typescript-eslint/no-unused-vars
27:6  Warning: React Hook useEffect has a 
missing dependency: 'router'. Either 
include it or remove the dependency array.  
react-hooks/exhaustive-deps

./src/app/staff/reminders/page.tsx
4:48  Warning: 'CheckCircle2' is defined 
but never used. Allowed unused vars must 
match /^_/u.  
@typescript-eslint/no-unused-vars
31:36  Warning: React Hook useEffect has a 
missing dependency: 'loadData'. Either 
include it or remove the dependency array.  
react-hooks/exhaustive-deps

./src/app/staff/reports/page.tsx
6:18  Warning: 'CheckCircle' is defined but 
never used. Allowed unused vars must match 
/^_/u.  @typescript-eslint/no-unused-vars
6:31  Warning: 'Briefcase' is defined but 
never used. Allowed unused vars must match 
/^_/u.  @typescript-eslint/no-unused-vars
24:6  Warning: React Hook useEffect has a 
missing dependency: 'router'. Either 
include it or remove the dependency array.  
react-hooks/exhaustive-deps
38:9  Warning: 'todayStr' is assigned a 
value but never used. Allowed unused vars 
must match /^_/u.  
@typescript-eslint/no-unused-vars
47:9  Warning: 'overdueItems' is assigned a 
value but never used. Allowed unused vars 
must match /^_/u.  
@typescript-eslint/no-unused-vars

./src/app/staff/settings/page.tsx
4:49  Warning: 'Calendar' is defined but 
never used. Allowed unused vars must match 
/^_/u.  @typescript-eslint/no-unused-vars
96:6  Warning: React Hook useEffect has a 
missing dependency: 'router'. Either 
include it or remove the dependency array.  
react-hooks/exhaustive-deps

./src/app/staff/tasks/page.tsx
6:41  Warning: 'Filter' is defined but 
never used. Allowed unused vars must match 
/^_/u.  @typescript-eslint/no-unused-vars
8:14  Warning: 'Clock' is defined but never 
used. Allowed unused vars must match /^_/u. 
 @typescript-eslint/no-unused-vars
8:21  Warning: 'CalendarDays' is defined 
but never used. Allowed unused vars must 
match /^_/u.  
@typescript-eslint/no-unused-vars
41:36  Warning: React Hook useEffect has a 
missing dependency: 'loadData'. Either 
include it or remove the dependency array.  
react-hooks/exhaustive-deps

./src/app/staff/team/page.tsx
4:23  Warning: 'Phone' is defined but never 
used. Allowed unused vars must match /^_/u. 
 @typescript-eslint/no-unused-vars
4:30  Warning: 'Briefcase' is defined but 
never used. Allowed unused vars must match 
/^_/u.  @typescript-eslint/no-unused-vars
18:6  Warning: React Hook useEffect has a 
missing dependency: 'router'. Either 
include it or remove the dependency array.  
react-hooks/exhaustive-deps

./src/components/CalendarView.tsx
4:38  Warning: 'Event' is defined but never 
used. Allowed unused vars must match /^_/u. 
 @typescript-eslint/no-unused-vars
11:10  Warning: 'ChevronRight' is defined 
but never used. Allowed unused vars must 
match /^_/u.  
@typescript-eslint/no-unused-vars
11:24  Warning: 'ChevronLeft' is defined 
but never used. Allowed unused vars must 
match /^_/u.  
@typescript-eslint/no-unused-vars
11:77  Warning: 'AlertCircle' is defined 
but never used. Allowed unused vars must 
match /^_/u.  
@typescript-eslint/no-unused-vars
11:104  Warning: 'Clock' is defined but 
never used. Allowed unused vars must match 
/^_/u.  @typescript-eslint/no-unused-vars

./src/components/VaultTabs.tsx
6:17  Warning: 'Edit3' is defined but never 
used. Allowed unused vars must match /^_/u. 
 @typescript-eslint/no-unused-vars
7:16  Warning: 'MapPin' is defined but 
never used. Allowed unused vars must match 
/^_/u.  @typescript-eslint/no-unused-vars
7:58  Warning: 'Car' is defined but never 
used. Allowed unused vars must match /^_/u. 
 @typescript-eslint/no-unused-vars
113:7  Error: 'baseItems' is never 
reassigned. Use 'const' instead.  
prefer-const

./src/middleware.ts
30:9  Warning: 'orgIdCookie' is assigned a 
value but never used. Allowed unused vars 
must match /^_/u.  
@typescript-eslint/no-unused-vars

info  - Need to disable some ESLint rules? 
Learn more here: https://nextjs.org/docs/bas
ic-features/eslint#disabling-rules
